
# 
>>> echo READY
echo READY; echo __END_1b6fa6d0__
READY
__END_1b6fa6d0__
# 
>>> ls /bin
ls /bin; echo __END_a0dfc80b__
rm             date           ps             pwd            rev
iwpriv         nvram_get      fsync          mii_mgr        echo
busybox        touch          mtd_write      app_host       sh
ralink_init    mknod          sed            phyval         reg
udevt          chmod          ls             kill           gpio
ping           app_cam        mount          umount         login
hostname       mv             nvram_set      grep           iwconfig
nvram_daemon   ping6          ated           sleep          dnsdomainname
sync           lsusb          switch         mii_mgr_cl45   app_detect
iwlist         dmesg          fatattr        ionice
app_mkfs       mkdir          flash          iperf
vi             ash            cp             cat
__END_a0dfc80b__
# 
>>> ls /sbin
ls /sbin; echo __END_428ac5e0__
modinfo              config_save.sh       halt
config.sh            sdcard_remove.sh     check_wifi.sh
mdev                 blockdev             global.sh
blkid                internet.sh          fstrim
makedevlinks.sh      wifi_ap.sh           poweroff
rmmod                vconfig              chpasswd.sh
wifi_conn.sh         syslogd              config-udhcpd.sh
tunctl               insmod               wifi_ap_internet.sh
devmem               sdcard_insert.sh     bootchartd
run_app.sh           lan.sh               route
ifconfig             reboot               udhcpc
video_ko.sh          init
lsmod                acpid
__END_428ac5e0__
# 
>>> ls /usr/bin 2>/dev/null
ls /usr/bin 2>/dev/null; echo __END_a676d8af__
expr        printf      lsusb       test        pstree      uptime      top
groups      volname     pgrep       shuf        tr          timeout     flock
whois       time        [           dumpleases  [[          free
tftp        tftpd       tcpsvd      basename    killall     beep
__END_a676d8af__
# 
>>> ls /usr/sbin 2>/dev/null
ls /usr/sbin 2>/dev/null; echo __END_fdafdd10__
dhcprelay   brctl       ntpd        ifplugd     ftpd
nbd-client  udhcpd      chpasswd    telnetd
__END_fdafdd10__
# 
>>> busybox 2>&1
busybox 2>&1; echo __END_6e79bd5b__
BusyBox v1.23.0 (2018-03-30 18:02:20 CST) multi-call binary.
BusyBox is copyrighted by many authors between 1998-2012.
Licensed under GPLv2. See source distribution for detailed
copyright notices.

Usage: busybox [function [arguments]...]
   or: busybox --list
   or: function [arguments]...

	BusyBox is a multi-call binary that combines many common Unix
	utilities into a single executable.  Most people will create a
	link to busybox for each function they wish to use and BusyBox
	will act like whatever it was invoked as.

Currently defined functions:
	[, [[, acpid, ash, basename, blkid, blockdev, bootchartd, brctl, cat,
	chmod, chpasswd, cp, date, devmem, dhcprelay, dmesg, dnsdomainname,
	dumpleases, echo, expr, fatattr, flock, free, fstrim, fsync, ftpd,
	grep, groups, halt, hostname, ifconfig, ifplugd, init, insmod, ionice,
	kill, killall, login, ls, lsmod, lsusb, mdev, mkdir, mknod, modinfo,
	mount, ntpd, pgrep, ping, ping6, poweroff, printf, ps, pstree, pwd,
	reboot, rev, rm, rmmod, route, sed, sh, sleep, sync, syslogd, tcpsvd,
	telnetd, test, tftp, time, timeout, top, touch, tr, tunctl, udhcpc,
	udhcpd, umount, uptime, vconfig, vi, volname, whois

__END_6e79bd5b__
# 
>>> cat /proc/filesystems
cat /proc/filesystems; echo __END_e2070785__
nodev	sysfs
nodev	rootfs
nodev	bdev
nodev	proc
nodev	tmpfs
nodev	sockfs
nodev	usbfs
nodev	pipefs
nodev	devpts
nodev	ramfs
	vfat
	ntfs
nodev	mtd_inodefs
__END_e2070785__
# 
>>> cat /proc/meminfo | head -n 5 2>/dev/null || cat /proc/meminfo
cat /proc/meminfo | head -n 5 2>/dev/null || cat /proc/meminfo; echo __END_78d
a470b__
MemTotal:          60504 kB
MemFree:           46376 kB
Buffers:               0 kB
Cached:             6264 kB
SwapCached:            0 kB
Active:             3936 kB
Inactive:           2904 kB
Active(anon):        576 kB
Inactive(anon):        0 kB
Active(file):       3360 kB
Inactive(file):     2904 kB
Unevictable:           0 kB
Mlocked:               0 kB
SwapTotal:             0 kB
SwapFree:              0 kB
Dirty:                 0 kB
Writeback:             0 kB
AnonPages:           592 kB
Mapped:              664 kB
Shmem:                 0 kB
Slab:               3532 kB
SReclaimable:        700 kB
SUnreclaim:         2832 kB
KernelStack:         296 kB
PageTables:          124 kB
NFS_Unstable:          0 kB
Bounce:                0 kB
WritebackTmp:          0 kB
CommitLimit:       30252 kB
Committed_AS:       2240 kB
VmallocTotal:    1048372 kB
VmallocUsed:        3352 kB
VmallocChunk:    1041036 kB
__END_78da470b__
# 
>>> ls /tmp; ls -ld /tmp /var /media
ls /tmp; ls -ld /tmp /var /media; echo __END_6d38e990__
drwxr-xr-x    2         0 Jan  1 00:00 /media
drwxr-xr-x    5         0 Jan  1 00:00 /var
drwxr-xr-x    2         0 Jan  1 00:00 /tmp
__END_6d38e990__
# 
>>> cat /proc/net/dev
cat /proc/net/dev; echo __END_2e8f34e6__
Inter-|   Receive                                                |  Transmit
 face |bytes    packets errs drop fifo frame compressed multicast|bytes    packets errs drop fifo colls carrier compressed
    lo:       0       0    0    0    0     0          0         0        0       0    0    0    0     0       0          0
  eth2:       0       0    0    0    0     0          0         0        0       0    0    0    0     0       0          0
   ra0:       0       0    0    0    0     0          0         0        0       0    0    0    0     0       0          0
   ra1:       0       0    0    0    0     0          0         0        0       0    0    0    0     0       0          0
__END_2e8f34e6__
# 