
# 
>>> echo READY; uname -a
echo READY; uname -a; echo __END_f5fcd54e__
READY
/bin/sh: uname: not found
__END_f5fcd54e__
# 
>>> cat /proc/mtd
cat /proc/mtd; echo __END_1a416861__
dev:    size   erasesize  name
mtd0: 00400000 00010000 "ALL"
mtd1: 00030000 00010000 "Bootloader"
mtd2: 00010000 00010000 "Config"
mtd3: 00010000 00010000 "Factory"
mtd4: 003b0000 00010000 "Kernel"
__END_1a416861__
# 
>>> cat /proc/cmdline
cat /proc/cmdline; echo __END_9b3e8c93__
console=ttyS1,57600n8 root=/dev/ram0 console=ttyS0
__END_9b3e8c93__
# 
>>> ls -l /dev/mtd* 2>/dev/null
ls -l /dev/mtd* 2>/dev/null; echo __END_b690969c__
brw-r--r--    1   31,   7 Jan  1 00:00 /dev/mtdblock7
brw-r--r--    1   31,   6 Jan  1 00:00 /dev/mtdblock6
brw-r--r--    1   31,   5 Jan  1 00:00 /dev/mtdblock5
brw-rw----    1   31,   4 Jan  1 00:00 /dev/mtdblock4
brw-rw----    1   31,   3 Jan  1 00:00 /dev/mtdblock3
brw-rw----    1   31,   2 Jan  1 00:00 /dev/mtdblock2
brw-rw----    1   31,   1 Jan  1 00:00 /dev/mtdblock1
brw-rw----    1   31,   0 Jan  1 00:00 /dev/mtdblock0
crw-r--r--    1   90,  15 Jan  1 00:00 /dev/mtd7ro
crw-r--r--    1   90,  14 Jan  1 00:00 /dev/mtd7
crw-r--r--    1   90,  13 Jan  1 00:00 /dev/mtd6ro
crw-r--r--    1   90,  12 Jan  1 00:00 /dev/mtd6
crw-r--r--    1   90,  11 Jan  1 00:00 /dev/mtd5ro
crw-r--r--    1   90,  10 Jan  1 00:00 /dev/mtd5
crw-rw----    1   90,   9 Jan  1 00:00 /dev/mtd4ro
crw-rw----    1   90,   8 Jan  1 00:00 /dev/mtd4
crw-rw----    1   90,   7 Jan  1 00:00 /dev/mtd3ro
crw-rw----    1   90,   6 Jan  1 00:00 /dev/mtd3
crw-rw----    1   90,   5 Jan  1 00:00 /dev/mtd2ro
crw-rw----    1   90,   4 Jan  1 00:00 /dev/mtd2
crw-rw----    1   90,   3 Jan  1 00:00 /dev/mtd1ro
crw-rw----    1   90,   2 Jan  1 00:00 /dev/mtd1
crw-rw----    1   90,   1 Jan  1 00:00 /dev/mtd0ro
crw-rw----    1   90,   0 Jan  1 00:00 /dev/mtd0
__END_b690969c__
# 
>>> for x in mtd_write mtd erase flashcp nandwrite dd wget tftp nc busybox md5sum sha256sum crc32; do which $x 2>/dev/null && $x --help 2>&1 | head -n 2; done
for x in mtd_write mtd erase flashcp nandwrite dd wget tftp nc busybox md5sum 
sha256sum crc32; do which $x 2>/dev/null && $x --help 2>&1 | head -n 2; done; ec
ho __END_25b85494__
__END_25b85494__
# 
>>> mount
mount; echo __END_65a324a0__
rootfs on / type rootfs (rw)
proc on /proc type proc (rw,relatime)
none on /var type ramfs (rw,relatime)
none on /dev type ramfs (rw,relatime)
none on /etc type ramfs (rw,relatime)
none on /tmp type ramfs (rw,relatime)
none on /media type ramfs (rw,relatime)
none on /sys type sysfs (rw,relatime)
none on /proc/bus/usb type usbfs (rw,relatime)
devpts on /dev/pts type devpts (rw,relatime,mode=600)
__END_65a324a0__
# 
>>> df -h
df -h; echo __END_bbb2b327__
/bin/sh: df: not found
__END_bbb2b327__
# 
>>> ifconfig -a 2>/dev/null || ip addr 2>/dev/null
ifconfig -a 2>/dev/null || ip addr 2>/dev/null; echo __END_a01171fa__
eth2      Link encap:Ethernet  HWaddr 00:0C:43:E1:76:29  
          BROADCAST MULTICAST  MTU:1500  Metric:1
          RX packets:0 errors:0 dropped:0 overruns:0 frame:0
          TX packets:0 errors:0 dropped:0 overruns:0 carrier:0
          collisions:0 txqueuelen:1000 
          RX bytes:0 (0.0 B)  TX bytes:0 (0.0 B)
          Interrupt:3 

lo        Link encap:Local Loopback  
          LOOPBACK  MTU:16436  Metric:1
          RX packets:0 errors:0 dropped:0 overruns:0 frame:0
          TX packets:0 errors:0 dropped:0 overruns:0 carrier:0
          collisions:0 txqueuelen:0 
          RX bytes:0 (0.0 B)  TX bytes:0 (0.0 B)

ra0       Link encap:Ethernet  HWaddr 00:00:00:00:00:00  
          BROADCAST MULTICAST  MTU:1500  Metric:1
          RX packets:0 errors:0 dropped:0 overruns:0 frame:0
          TX packets:0 errors:0 dropped:0 overruns:0 carrier:0
          collisions:0 txqueuelen:1000 
          RX bytes:0 (0.0 B)  TX bytes:0 (0.0 B)
          Interrupt:4 

ra1       Link encap:Ethernet  HWaddr E8:AB:FA:AE:6E:A1  
          inet addr:192.168.10.123  Bcast:192.168.10.255  Mask:255.255.255.0
          UP BROADCAST RUNNING MULTICAST  MTU:1500  Metric:1
          RX packets:0 errors:0 dropped:0 overruns:0 frame:0
          TX packets:0 errors:0 dropped:0 overruns:0 carrier:0
          collisions:0 txqueuelen:1000 
          RX bytes:0 (0.0 B)  TX bytes:0 (0.0 B)
          Interrupt:4 

__END_a01171fa__
# 
>>> ps
ps; echo __END_76cb353a__
  PID USER       VSZ STAT COMMAND
    1 molink    1420 S    init
    2 molink       0 SW   [kthreadd]
    3 molink       0 SW   [ksoftirqd/0]
    4 molink       0 SW   [kworker/0:0]
    5 molink       0 SW   [kworker/u:0]
    6 molink       0 SW<  [khelper]
    7 molink       0 SW   [sync_supers]
    8 molink       0 SW   [bdi-default]
    9 molink       0 SW<  [kblockd]
   10 molink       0 SW   [khubd]
   11 molink       0 SW   [kswapd0]
   12 molink       0 SW<  [crypto]
   21 molink       0 SW   [mtdblock0]
   22 molink       0 SW   [mtdblock1]
   23 molink       0 SW   [mtdblock2]
   24 molink       0 SW   [mtdblock3]
   25 molink       0 SW   [mtdblock4]
   26 molink       0 SW   [kworker/u:1]
   33 molink       0 SW   [kworker/0:1]
  118 molink    1080 S    nvram_daemon
  130 molink    1032 S    app_detect
  132 molink    1032 S    app_detect
  133 molink    1032 S    app_detect
  177 molink       0 SW   [RtmpCmdQTask]
  178 molink       0 SW   [RtmpWscTask]
  179 molink       0 SW   [RtmpMlmeTask]
  199 molink    1244 S    app_cam
  227 molink    1244 S    app_cam
  228 molink    1244 S    app_cam
  232 molink    1420 S    udhcpd /etc_ro/udhcpd.conf
  249 molink    1424 S    /bin/sh
  250 molink    1244 S    app_cam
  251 molink    1244 S    app_cam
  252 molink    1244 S    app_cam
  255 molink    1416 S    telnetd
  258 molink    1244 S    app_cam
  709 molink    1420 R    ps
__END_76cb353a__
# 
>>> dmesg | tail -n 80
dmesg | tail -n 80; echo __END_c8763867__
/bin/sh: tail: not found
__END_c8763867__
# 