
# 
>>> for c in hexdump xxd base64 uuencode busybox flash dd cat tftp tftpd ftpput ftpget nc; do echo -n "$c="; which $c 2>/dev/null || echo no; done
for c in hexdump xxd base64 uuencode busybox flash dd cat tftp tftpd ftpput ft
pget nc; do echo -n "$c="; which $c 2>/dev/null || echo no; done
hexdump=no
xxd=no
base64=no
uuencode=no
busybox=no
flash=no
dd=no
cat=no
tftp=no
tftpd=no
ftpput=no
ftpget=no
nc=no
# 
>>> busybox 2>&1 | head 2; busybox hexdump 2>&1 | head 3; flash -r 30000 -c 16 2>&1
busybox 2>&1 | head 2; busybox hexdump 2>&1 | head 3; flash -r 30000 -c 16 2>&
1
/bin/sh: head: not found
/bin/sh: head: not found
ffffffffffffffffffffffffffffffff# 